
TRVM cross-runtime benchmark  --  48 workloads x 6 runtimes  (min of 1, timeout 150s)

  live    ic32 (C)
  live    ic32 (Zig)
  live    ic32 (Mojo)
  live    ic32.wasm
  live    ic_float (py)
  live    ic_ref (py)

calibrating process-startup baseline...
  ic32 (C)         0.34ms
  ic32 (Zig)       34ms
  ic32 (Mojo)      47ms
  ic32.wasm        21ms
  ic_float (py)    12ms
  ic_ref (py)      27ms


====================================================================================================
ARITHMETIC
====================================================================================================
[2mworkload                      ic32          ic32          ic32     ic32.wasm      ic_float        ic_ref[0m
mult 12x12                  0.40ms        0.00ms        3.22ms        0.00ms        3.64ms        9.96ms
mult 20x20                  0.44ms        4.03ms        0.00ms        3.01ms        4.83ms        5.71ms
mult 50x50                  0.64ms        0.00ms        3.82ms        2.81ms          16ms          24ms
mult 80x80                  1.39ms        3.88ms          25ms          23ms         108ms          85ms
exp 2^3                     1.01ms          14ms          17ms          21ms          14ms          36ms
exp 3^5                     0.98ms          12ms          24ms          28ms          18ms          35ms
exp 2^8                     1.07ms          18ms          31ms          21ms          15ms          33ms
exp 3^10                    6.50ms          23ms          44ms          36ms         1.06s         495ms
exp 2^12                    1.21ms          11ms          22ms          18ms          44ms          40ms
exp 2^16                    7.31ms          16ms          49ms          15ms         1.01s         646ms
tetration 2^^3              0.89ms          14ms          19ms          21ms          15ms          35ms
  [33moutside ic_ref's model[0m tetration 2^^3: want s^16, ic_ref gave ic_ref (py)=s^2
tetration 3^^2              0.82ms          16ms          31ms          18ms          13ms          30ms
tetration 2^^4              6.25ms          19ms          47ms          29ms         979ms          34ms
  [33moutside ic_ref's model[0m tetration 2^^4: want s^65536, ic_ref gave ic_ref (py)=s^0
gauss T(10)                 0.77ms          19ms          20ms          21ms          13ms          28ms
gauss T(30)                 1.11ms        7.23ms          32ms          19ms          24ms          31ms
gauss T(60)                 1.63ms          22ms          38ms          33ms          46ms          98ms

====================================================================================================
RECURSION
====================================================================================================
[2mworkload                      ic32          ic32          ic32     ic32.wasm      ic_float        ic_ref[0m
fib(10)                     1.28ms          27ms          43ms          26ms          21ms          30ms
fib(15)                     0.99ms          22ms          36ms          10ms          41ms          31ms
fib(20)                     2.80ms          19ms          31ms          20ms         485ms         121ms
fib(22)                     5.49ms          28ms          34ms          27ms         1.56s         319ms
fact(5)                     0.92ms          22ms          23ms          11ms          15ms           ERR
fact(6)                     0.93ms          16ms          17ms          17ms          19ms           ERR
fact(7)                     1.33ms          11ms          15ms        8.87ms          47ms           ERR
fact(8)                     4.67ms          22ms          39ms          27ms         582ms           ERR
pred(10)                    1.08ms          15ms          34ms          17ms          16ms          51ms
pred(50)                    1.00ms          21ms          35ms          27ms          35ms          48ms
pred(150)                   2.96ms          16ms          40ms          36ms         271ms          65ms
ackermann(0,3)              0.99ms        8.50ms          29ms          13ms          24ms          59ms
ackermann(1,4)              1.05ms          21ms          50ms          38ms          22ms          61ms
ackermann(2,2)             TIMEOUT       TIMEOUT       TIMEOUT       TIMEOUT           ERR           ERR
  [32mok[0m diverges on all 6 runtimes (as encoded) [2m-- outside IC's safe labelling fragment - must diverge everywhere[0m

====================================================================================================
SHARING
====================================================================================================
[2mworkload                      ic32          ic32          ic32     ic32.wasm      ic_float        ic_ref[0m
parity 2^4                  0.74ms        5.90ms          18ms          11ms        5.69ms           ERR
parity 2^8                  0.74ms        3.58ms          25ms          15ms        7.69ms           ERR
parity 2^12                 0.71ms        3.35ms          14ms        8.61ms        4.28ms           ERR
parity 2^16                 0.89ms        3.47ms          12ms        9.39ms        8.02ms           ERR
parity 2^20                 0.61ms        3.51ms        4.93ms        6.59ms        6.84ms           ERR
parity 2^24                 0.74ms        4.19ms        7.76ms          11ms        9.38ms           ERR
dup depth 8                 0.67ms        3.56ms          14ms        5.86ms        6.93ms          11ms
dup depth 16                0.39ms        6.21ms        5.75ms        3.93ms        6.19ms        7.91ms
dup depth 24                0.72ms        2.62ms        4.17ms        7.40ms        2.24ms          16ms

====================================================================================================
THROUGHPUT
====================================================================================================
[2mworkload                      ic32          ic32          ic32     ic32.wasm      ic_float        ic_ref[0m
exp 2^14                    1.66ms        5.72ms        8.82ms        9.26ms         144ms          94ms
exp 2^16                    5.05ms        8.65ms          15ms          17ms         712ms         424ms
exp 3^12                      35ms          48ms          80ms          56ms        21.86s           ERR
exp 2^20                      70ms          70ms         144ms          78ms        95.07s           ERR
mult 300x300                6.37ms          14ms          34ms          12ms         1.61s         808ms
mult 700x700                  31ms          45ms          68ms          46ms        23.17s           ERR
fib(22)                     4.10ms        4.45ms          21ms        6.27ms         1.08s         111ms
fib(25)                       21ms          11ms          31ms          29ms         5.26s           ERR
tetration 2^^4              3.85ms        0.00ms          13ms        9.94ms         550ms        2.34ms
  [33moutside ic_ref's model[0m tetration 2^^4: want s^65536, ic_ref gave ic_ref (py)=s^0


====================================================================================================
DEPTH CEILING -- how deep a normal form each runtime can read back
====================================================================================================

  [2mworkload `exp 2^k` normalizes to s^(2^k), i.e. a term nested 2^k deep[0m

  runtime               deepest OK   first failure  reason
  ic32 (C)                 2097152    none <= 2^21  
  ic32 (Zig)               2097152    none <= 2^21  
  ic32 (Mojo)              2097152    none <= 2^21  
  ic32.wasm                2097152    none <= 2^21  
  ic_float (py)            1048576         2097152  ERR error=RuntimeError: normal: budget exhau
  ic_ref (py)                65536          131072  ERR error=RuntimeError: whnf: step budget ex


====================================================================================================
SUMMARY
====================================================================================================

Interaction counts (machine-independent work; IC32 family must agree):

[2mworkload                      ic32          ic32          ic32     ic32.wasm      ic_float        ic_ref  ic32-agree[0m
mult 12x12                     312           312           312           312           312           312  [32myes[0m
mult 20x20                     840           840           840           840           840           840  [32myes[0m
mult 50x50                    5100          5100          5100          5100          5100          5100  [32myes[0m
mult 80x80                   12960         12960         12960         12960         12960         12960  [32myes[0m
exp 2^3                         43            43            43            43            43            33  [32myes[0m
exp 3^5                        562           562           562           562           562           286  [32myes[0m
exp 2^8                        604           604           604           604           604           564  [32myes[0m
exp 3^10                    118269        118269        118269        118269        118269         59137  [32myes[0m
exp 2^12                      8336          8336          8336          8336          8336          8272  [32myes[0m
exp 2^16                    131268        131268        131268        131268        131268        131180  [32myes[0m
tetration 2^^3                  75            75            75            75            75            42  [32myes[0m
tetration 3^^2                  92            92            92            92            92            52  [32myes[0m
tetration 2^^4              131204        131204        131204        131204        131204            95  [32myes[0m
gauss T(10)                     65            65            65            65            65            65  [32myes[0m
gauss T(30)                    495           495           495           495           495           495  [32myes[0m
gauss T(60)                   1890          1890          1890          1890          1890          1890  [32myes[0m
fib(10)                        922           922           922           922           922           601  [32myes[0m
fib(15)                       7242          7242          7242          7242          7242          4318  [32myes[0m
fib(20)                      75667         75667         75667         75667         75667         44279  [32myes[0m
fib(22)                     197126        197126        197126        197126        197126        115173  [32myes[0m
fact(5)                        485           485           485           485           485             -  [32myes[0m
fact(6)                       1755          1755          1755          1755          1755             -  [32myes[0m
fact(7)                      10471         10471         10471         10471         10471             -  [32myes[0m
fact(8)                      81113         81113         81113         81113         81113             -  [32myes[0m
pred(10)                       426           426           426           426           426           248  [32myes[0m
pred(50)                      5166          5166          5166          5166          5166          1248  [32myes[0m
pred(150)                    38016         38016         38016         38016         38016          3748  [32myes[0m
ackermann(0,3)                  10            10            10            10            10            10  [32myes[0m
ackermann(1,4)                  72            72            72            72            72            66  [32myes[0m
parity 2^4                      78            78            78            78            78             -  [32myes[0m
parity 2^8                     158           158           158           158           158             -  [32myes[0m
parity 2^12                    238           238           238           238           238             -  [32myes[0m
parity 2^16                    318           318           318           318           318             -  [32myes[0m
parity 2^20                    398           398           398           398           398             -  [32myes[0m
parity 2^24                    478           478           478           478           478             -  [32myes[0m
dup depth 8                     24            24            24            24            24            24  [32myes[0m
dup depth 16                    48            48            48            48            48            48  [32myes[0m
dup depth 24                    72            72            72            72            72            72  [32myes[0m
exp 2^14                     32938         32938         32938         32938         32938         32862  [32myes[0m
exp 2^16                    131268        131268        131268        131268        131268        131180  [32myes[0m
exp 3^12                   1063091       1063091       1063091       1063091       1063091             -  [32myes[0m
exp 2^20                   2097400       2097400       2097400       2097400       2097400             -  [32myes[0m
mult 300x300                180600        180600        180600        180600        180600        180600  [32myes[0m
mult 700x700                981400        981400        981400        981400        981400             -  [32myes[0m
fib(22)                     197126        197126        197126        197126        197126        115173  [32myes[0m
fib(25)                     832847        832847        832847        832847        832847             -  [32myes[0m
tetration 2^^4              131204        131204        131204        131204        131204            95  [32myes[0m


Throughput tier -- reduce time (startup subtracted), per workload:

[2mworkload                      ic32          ic32          ic32     ic32.wasm      ic_float        ic_ref[0m
exp 2^14                    1.66ms        5.72ms        8.82ms        9.26ms         144ms          94ms
exp 2^16                    5.05ms        8.65ms          15ms          17ms         712ms         424ms
exp 3^12                      35ms          48ms          80ms          56ms        21.86s           ERR
exp 2^20                      70ms          70ms         144ms          78ms        95.07s           ERR
mult 300x300                6.37ms          14ms          34ms          12ms         1.61s         808ms
mult 700x700                  31ms          45ms          68ms          46ms        23.17s           ERR
fib(22)                     4.10ms        4.45ms          21ms        6.27ms         1.08s         111ms
fib(25)                       21ms          11ms          31ms          29ms         5.26s           ERR
tetration 2^^4              3.85ms        0.00ms          13ms        9.94ms         550ms        2.34ms


Reduction throughput (interactions / second, higher is better):

[2mworkload                      ic32          ic32          ic32     ic32.wasm      ic_float        ic_ref[0m
exp 2^14                 (19.8M/s)      (5.8M/s)      (3.7M/s)      (3.6M/s)       0.23M/s       0.35M/s
exp 2^16                 (26.0M/s)     (15.2M/s)      (8.7M/s)      (7.6M/s)       0.18M/s       0.31M/s
exp 3^12                  30.41M/s      22.26M/s      13.32M/s      18.86M/s       0.05M/s           ERR
exp 2^20                  30.16M/s      30.14M/s      14.54M/s      26.93M/s       0.02M/s           ERR
mult 300x300             (28.4M/s)     (13.2M/s)      (5.4M/s)     (15.4M/s)       0.11M/s       0.22M/s
mult 700x700              31.45M/s      21.78M/s      14.51M/s      21.54M/s       0.04M/s           ERR
fib(22)                  (48.1M/s)     (44.3M/s)      (9.2M/s)     (31.5M/s)       0.18M/s       1.04M/s
fib(25)                   40.35M/s     (77.0M/s)     (26.5M/s)      28.89M/s       0.16M/s           ERR
tetration 2^^4           (34.0M/s)             -     (10.2M/s)     (13.2M/s)       0.24M/s      (0.0M/s)

  [2m(parenthesised) = reduce time below the startup-subtraction error bar; excluded from the ranking.[0m


Ranking (geometric mean of interactions/sec over the throughput tier):

  runtime             interactions/sec   vs best  completed   startup
  ic32 (C)                    32.84M/s      1.0x       9/9    0.34ms
  ic32 (Zig)                  24.44M/s      1.3x       9/9      34ms
  ic32.wasm                   23.71M/s      1.4x       9/9      21ms
  ic32 (Mojo)                 14.11M/s      2.3x       9/9      47ms
  ic_ref (py)                  0.40M/s     82.5x       5/9      27ms
  ic_float (py)                0.10M/s    314.2x       9/9      12ms

  [2mRanked only on throughput workloads whose reduce time clears the
  startup-subtraction error bar. The small workloads above are for correctness,
  not speed -- at that size the timings measure execve, not the runtime.[0m


Startup cost -- and why it differs by 100x:

  All three native runtimes reserve the same 16M-slot (128 MB) heap. The cost of
  doing so is not the same, and it is the whole startup gap:

    ic32 (C)     calloc()                      -> kernel lazy zero pages, untouched
    ic32 (Zig)   gpa.alloc + @memset(heap, 0)  -> eagerly writes all 128 MB
    ic32 (Mojo)  List[UInt64](.., fill=0)      -> eagerly writes all 128 MB

  measured: (C) 0.34ms, (Zig) 34ms, (Mojo) 47ms, ic32.wasm 21ms
  [2mA workload touching a few thousand slots pays for 128 MB of zeroing it never
  reads. This is a fixed per-process cost, invisible in interactions/sec but the
  dominant term for short reductions -- which is most of them.[0m


Completion (workloads finished / attempted):

  ic32 (C)           47 / 48
  ic32 (Zig)         47 / 48
  ic32 (Mojo)        47 / 48
  ic32.wasm          47 / 48
  ic_float (py)      47 / 48
  ic_ref (py)        33 / 48


Model differences (not conformance bugs):

  ic_ref (py) is the simple, non-floating reference core. It returned a
  different result from the IC32 family on 3 workload(s):
    tetration 2^^3, tetration 2^^4, tetration 2^^4
  [2mIts failure mode is worth naming: on these it does not error or hang, it
  returns a residual superposition (e.g. `(s (s &81{a,b}))`) that reads back
  as a smaller Church numeral -- a silently wrong answer, not a crash.[0m

  [32mPASS[0m  IC32 conformance gate (5 members): all completed, NFs agree, interaction counts agree
  [32mPASS[0m  every IC32-model normal form matches independently computed truth


wrote /tmp/trvm-bench.json
