TAP version 13
# Subtest: I1 · every oracle case reduces on the resident host exactly as on the one-shot host
ok 1 - I1 · every oracle case reduces on the resident host exactly as on the one-shot host
  ---
  duration_ms: 660.731742
  type: 'test'
  ...
# Subtest: I2 · the three sealed worlds reduce to their recorded payload digests and interaction counts
ok 2 - I2 · the three sealed worlds reduce to their recorded payload digests and interaction counts
  ---
  duration_ms: 28.048596
  type: 'test'
  ...
# Subtest: F1 · a job after a 476-interaction job sees a fresh instance: zero output, zero interactions before input
ok 3 - F1 · a job after a 476-interaction job sees a fresh instance: zero output, zero interactions before input
  ---
  duration_ms: 21.541095
  type: 'test'
  ...
# Subtest: X1 · 26 distinct terms on a pool of 4 each come back to their own requester
ok 4 - X1 · 26 distinct terms on a pool of 4 each come back to their own requester
  ---
  duration_ms: 35.782513
  type: 'test'
  ...
# Subtest: E1 · pre-dispatch refusals create no job and touch no worker
ok 5 - E1 · pre-dispatch refusals create no job and touch no worker
  ---
  duration_ms: 5.368489
  type: 'test'
  ...
# Subtest: D1 · the deadline terminates a real noncooperating guest, the exit is confirmed, and the pool heals with a real worker
ok 6 - D1 · the deadline terminates a real noncooperating guest, the exit is confirmed, and the pool heals with a real worker
  ---
  duration_ms: 297.042667
  type: 'test'
  ...
# Subtest: C1 · a queued job is cancelled without ever reaching a worker; the running job completes
ok 7 - C1 · a queued job is cancelled without ever reaching a worker; the running job completes
  ---
  duration_ms: 26.667297
  type: 'test'
  ...
# Subtest: C2 · cancelling a running job terminates its worker (observed exiting), confirms the exit and replaces it
ok 8 - C2 · cancelling a running job terminates its worker (observed exiting), confirms the exit and replaces it
  ---
  duration_ms: 75.349513
  type: 'test'
  ...
# Subtest: Q1 · the queue is bounded: beyond maxQueue a request is refused busy, and close cancels what waited
ok 9 - Q1 · the queue is bounded: beyond maxQueue a request is refused busy, and close cancels what waited
  ---
  duration_ms: 17.197571
  type: 'test'
  ...
# Subtest: W1 · a worker that exits without replying is a typed failure with a confirmed exit, and is replaced
ok 10 - W1 · a worker that exits without replying is a typed failure with a confirmed exit, and is replaced
  ---
  duration_ms: 31.615363
  type: 'test'
  ...
# Subtest: L1 · a reply that arrives after the deadline expired is a deadline, even when the timer was delayed
ok 11 - L1 · a reply that arrives after the deadline expired is a deadline, even when the timer was delayed
  ---
  duration_ms: 5.720344
  type: 'test'
  ...
# Subtest: R1 · a reply carrying a retired or foreign job id changes nothing; only the live id settles the job
ok 12 - R1 · a reply carrying a retired or foreign job id changes nothing; only the live id settles the job
  ---
  duration_ms: 0.633537
  type: 'test'
  ...
# Subtest: U1 · an unconfirmed exit is indeterminate, shrinks the pool and is not described as replaced
ok 13 - U1 · an unconfirmed exit is indeterminate, shrinks the pool and is not described as replaced
  ---
  duration_ms: 5.47495
  type: 'test'
  ...
# Subtest: M1 · a substituted module is refused before compilation
not ok 14 - M1 · a substituted module is refused before compilation
  ---
  duration_ms: 6.975875
  type: 'test'
  location: '/home/travis/.cache/resident-tmp/resident-controls.163267/wasm/resident/resident.test.mjs:218:1'
  failureType: 'testCodeFailure'
  error: 'Missing expected exception.'
  code: 'ERR_ASSERTION'
  name: 'AssertionError'
  expected:
  operator: 'throws'
  stack: |-
    TestContext.<anonymous> (file:///home/travis/.cache/resident-tmp/resident-controls.163267/wasm/resident/resident.test.mjs:224:18)
    Test.runInAsyncScope (node:async_hooks:213:14)
    Test.run (node:internal/test_runner/test:1106:25)
    Test.processPendingSubtests (node:internal/test_runner/test:788:18)
    Test.postRun (node:internal/test_runner/test:1235:19)
    Test.run (node:internal/test_runner/test:1163:12)
    async Test.processPendingSubtests (node:internal/test_runner/test:788:7)
  ...
# Subtest: P1 · 200 jobs over a pool of 4: every result a candidate on a fresh instance, the workers accounting for all of them
ok 15 - P1 · 200 jobs over a pool of 4: every result a candidate on a fresh instance, the workers accounting for all of them
  ---
  duration_ms: 104.052174
  type: 'test'
  ...
1..15
# tests 15
# suites 0
# pass 14
# fail 1
# cancelled 0
# skipped 0
# todo 0
# duration_ms 1336.49334
